   1            /
   2            / Do some interrupt-based output.
   3            CAF=6007
   4            
   5                    *0
   6 00000 0000         .-.             / Interrupt return address
   7 00001 5121         JMP INTSRV      / Go to interrupt service routine
   8            
   9                    *20
  10 00020 0000 AC,     .-.
  11 00021 0000 L,      .-.
  12 00022 0000 CHAR,   .-.
  13 00023 0000 KEYFLG, 0
  14 00024 0000 PRTFLG, 0
  15            
  16                    *100
  17 00100 6007 START,  CAF
  18 00101 6001         ION             / Interrupts on
  19 00102 5503         JMP I .+1
  20 00103 0104         MSGLP
  21 00104 1023 MSGLP,  TAD KEYFLG      / Wait for a character
  22 00105 7700         SMA CLA
  23 00106 5104         JMP MSGLP
  24 00107 3023         DCA KEYFLG      / Clear software flag
  25 00110 3024         DCA PRTFLG      / Clear printer flag
  26 00111 1022         TAD CHAR        / Get character
  27 00112 6046         TLS             / Print the character
  28 00113 7200         CLA
  29 00114 1024         TAD PRTFLG      / Wait for printer interrupt
  30 00115 7700         SMA CLA
  31 00116 5114         JMP .-2
  32 00117 7200         CLA
  33 00120 5104         JMP MSGLP
  34 00121 3020 INTSRV, DCA AC          / Save AC and L
  35 00122 7004         RAL
  36 00123 3021         DCA L
  37 00124 6031         KSF             / Copy Keyboard flag to KEYFLG
  38 00125 5131         JMP KEYOK
  39 00126 6036         KRB             / Save Keyboard character
  40 00127 3022         DCA CHAR
  41 00130 7040         CMA
  42 00131 3023 KEYOK,  DCA KEYFLG
  43 00132 6041         TSF             / Copy Printer flag to PRTFLG
  44 00133 5136         JMP PRTOK
  45 00134 6042         TCF             / Clear Printer flag to prevent re-interrupt.
  46 00135 7040         CMA
  47 00136 3024 PRTOK,  DCA PRTFLG
  48 00137 1021         TAD L           / Restore L, then AC
  49 00140 7110         CLL RAR
  50 00141 1020         TAD AC
  51 00142 6001         ION             / Re-enable interrupts
  52 00143 5400         JMP I 0         / Return to user mode
  53            $

AC      0020
CAF     6007
CHAR    0022
INTSRV  0121
KEYFLG  0023
KEYOK   0131
L       0021
MSGLP   0104
PRTFLG  0024
PRTOK   0136
START   0100 unreferenced
